Importing module 'gym_38' (/home/fabu/HIMLoco/libraries/isaacgym/python/isaacgym/_bindings/linux-x86_64/gym_38.so)
Setting GYM_USD_PLUG_INFO_PATH to /home/fabu/HIMLoco/libraries/isaacgym/python/isaacgym/_bindings/linux-x86_64/usd/plugInfo.json
PyTorch version 1.13.1+cu117
Device count 1
/home/fabu/HIMLoco/libraries/isaacgym/python/isaacgym/_bindings/src/gymtorch
Using /home/fabu/.cache/torch_extensions/py38_cu117 as PyTorch extensions root...
Emitting ninja build file /home/fabu/.cache/torch_extensions/py38_cu117/gymtorch/build.ninja...
Building extension module gymtorch...
Allowing ninja to set a default number of workers... (overridable by setting the environment variable MAX_JOBS=N)
ninja: no work to do.
Not connected to PVD
+++ Using GPU PhysX
Physics Engine: PhysX
Physics Device: cuda:0
GPU Pipeline: enabled
Loading extension module gymtorch...
/home/fabu/miniconda3/envs/himloco/lib/python3.8/site-packages/torch/functional.py:504: UserWarning: torch.meshgrid: in an upcoming release, it will be required to pass the indexing argument. (Triggered internally at ../aten/src/ATen/native/TensorShape.cpp:3190.)
  return _VF.meshgrid(tensors, **kwargs)  # type: ignore[attr-defined]
[viz_config] 配置一致性检查通过 ✓
[viz_config] 提示: CAM_READ_RGB=False（只读 depth，不拷 RGB）：当前无任何消费方需要 RGB，属预期省资源配置 —— 每步少拷一张 float32，泄漏量减半
[viz_config] preset=nav_only | 已开启: BEV_CLEARANCE_USE_RAW_MAP, BEV_ENABLE_UPDATE, BEV_USE_AXIAL_GEOM, CAM_ENABLE, CAM_READ_ENABLE, EVAL_TERRAIN_CURRICULUM, EXPORT_POLICY, FMM_STOP_IF_UNREACHABLE, FMM_TURN_HYSTERESIS_ENABLE, FMM_USE_PATH_LOOKAHEAD, FMM_USE_SOFT_COST, METRICS_PRINT_STATS, NARROW_PASSAGE_ENABLE, NAV_ADVANCE_ON_CROSS, NAV_RANDOM_STRAIGHT_ROUTE, PLAY_PLOT_STATES, SAFETY_MEM_GUARD_ENABLE, SCENE_ENABLE_BIG_STONES, SCENE_ENABLE_STONES, SCENE_ENABLE_TREES, SCENE_RANDOMIZE_OBSTACLES_EACH_TRIAL, SCENE_SMALL_STONES_STATIC, SCENE_TREE_REUSE_DUPLICATE_ASSETS, SPAWN_RANDOMIZE_EACH_TRIAL, SPEED_MOD_ENABLE, SPEED_TURN_COUPLING_ENABLE, STALL_ESCAPE_ENABLE, STALL_OVERRIDE_PLANNER, STALL_TURN_ALTERNATE, STALL_TURN_USE_BEV, TERM_ENABLE_CLIFF_FALL, TERM_ENABLE_COLLISION, TERM_ENABLE_STUCK, TERM_ENABLE_TIMEOUT, TERRAIN_WALL_ENABLE
scene=random_corridor | 石头=20(大20+小0,静态) | 树=开 | 地形=height | 路线=直线(出生x(6.0, 6.0)/y(3.0, 9.0) -> 目标x30.0)
相机读取: depth=开 rgb=关 | 感知降频=每4步 | 模式=astar_dwa | FMM每步(约50Hz)
BEV建图=开 ROI起始=0.55 台阶判据=关 记忆融合=关 | FMM代价=双层(硬半径0.20m,软距离0.65m,权重4.0) | 速度调制=开(最低0.25m/s,2.0→0.7m) | 横向符号-1 俯角0° 近距掩蔽0.00m | 转向锁存=障碍区开(阈值0.05,保持40步),空地死区0.02rad
障碍白名单=关(掩膜半径0.80m,刹车用原始几何图) | 停滞逃逸=开(窗口30步<0.05m触发,倒退40步@-0.4m/s+转向35步@-0.9rad/s,BEV择空侧,上限6次) | 急转降速档=关 | 指令重采样=1e+06s(1e6=已禁止底层随机覆盖) | 相机跟随=关 | VIO=ideal(σxy=0.000m,σyaw=0.00deg,延迟0步,丢帧0.0%)
[viz_config] 配置一致性检查通过 ✓
[viz_config] 提示: CAM_READ_RGB=False（只读 depth，不拷 RGB）：当前无任何消费方需要 RGB，属预期省资源配置 —— 每步少拷一张 float32，泄漏量减半
[viz_config] preset=nav_only | 已开启: BEV_CLEARANCE_USE_RAW_MAP, BEV_ENABLE_UPDATE, BEV_USE_AXIAL_GEOM, CAM_ENABLE, CAM_READ_ENABLE, EVAL_TERRAIN_CURRICULUM, EXPORT_POLICY, FMM_STOP_IF_UNREACHABLE, FMM_TURN_HYSTERESIS_ENABLE, FMM_USE_PATH_LOOKAHEAD, FMM_USE_SOFT_COST, METRICS_PRINT_STATS, NARROW_PASSAGE_ENABLE, NAV_ADVANCE_ON_CROSS, NAV_RANDOM_STRAIGHT_ROUTE, PLAY_PLOT_STATES, SAFETY_MEM_GUARD_ENABLE, SCENE_ENABLE_BIG_STONES, SCENE_ENABLE_STONES, SCENE_ENABLE_TREES, SCENE_RANDOMIZE_OBSTACLES_EACH_TRIAL, SCENE_SMALL_STONES_STATIC, SCENE_TREE_REUSE_DUPLICATE_ASSETS, SPAWN_RANDOMIZE_EACH_TRIAL, SPEED_MOD_ENABLE, SPEED_TURN_COUPLING_ENABLE, STALL_ESCAPE_ENABLE, STALL_OVERRIDE_PLANNER, STALL_TURN_ALTERNATE, STALL_TURN_USE_BEV, TERM_ENABLE_CLIFF_FALL, TERM_ENABLE_COLLISION, TERM_ENABLE_STUCK, TERM_ENABLE_TIMEOUT, TERRAIN_WALL_ENABLE
scene=random_corridor | 石头=20(大20+小0,静态) | 树=开 | 地形=height | 路线=直线(出生x(6.0, 6.0)/y(3.0, 9.0) -> 目标x30.0)
相机读取: depth=开 rgb=关 | 感知降频=每4步 | 模式=astar_dwa | FMM每步(约50Hz)
BEV建图=开 ROI起始=0.55 台阶判据=关 记忆融合=关 | FMM代价=双层(硬半径0.20m,软距离0.65m,权重4.0) | 速度调制=开(最低0.25m/s,2.0→0.7m) | 横向符号-1 俯角0° 近距掩蔽0.00m | 转向锁存=障碍区开(阈值0.05,保持40步),空地死区0.02rad
障碍白名单=关(掩膜半径0.80m,刹车用原始几何图) | 停滞逃逸=开(窗口30步<0.05m触发,倒退40步@-0.4m/s+转向35步@-0.9rad/s,BEV择空侧,上限6次) | 急转降速档=关 | 指令重采样=1e+06s(1e6=已禁止底层随机覆盖) | 相机跟随=关 | VIO=ideal(σxy=0.000m,σyaw=0.00deg,延迟0步,丢帧0.0%)
Setting seed: 1
[legged_robot] 静态障碍在创建期随机化: seed=20261011, 大石头=20, 树=4
'train_cfg' provided -> Ignoring 'name=go2'
Actor MLP: Sequential(
  (0): Linear(in_features=64, out_features=512, bias=True)
  (1): ELU(alpha=1.0)
  (2): Linear(in_features=512, out_features=256, bias=True)
  (3): ELU(alpha=1.0)
  (4): Linear(in_features=256, out_features=128, bias=True)
  (5): ELU(alpha=1.0)
  (6): Linear(in_features=128, out_features=12, bias=True)
)
Critic MLP: Sequential(
  (0): Linear(in_features=238, out_features=512, bias=True)
  (1): ELU(alpha=1.0)
  (2): Linear(in_features=512, out_features=256, bias=True)
  (3): ELU(alpha=1.0)
  (4): Linear(in_features=256, out_features=128, bias=True)
  (5): ELU(alpha=1.0)
  (6): Linear(in_features=128, out_features=1, bias=True)
)
Estimator: Sequential(
  (0): Linear(in_features=270, out_features=128, bias=True)
  (1): ELU(alpha=1.0)
  (2): Linear(in_features=128, out_features=64, bias=True)
  (3): ELU(alpha=1.0)
  (4): Linear(in_features=64, out_features=19, bias=True)
)
Loading model from: /home/fabu/HIMLoco/legged_gym/logs/Dec10_20-00-07_/model_1200.pt
Exported policy as jit script to:  /home/fabu/HIMLoco/legged_gym/logs/rough_go2/exported/policies

===== Trial 1 =====
随机直线路线: start=(6.00, 3.83), goal=(30.00, 3.83)
出生点 trial seed: 20261012 | 静态障碍 seed: 20261011
随机障碍布局: stones=[[16.770000457763672, 3.7300000190734863], [18.969999313354492, 9.710000038146973], [19.100000381469727, 4.639999866485596], [13.920000076293945, 7.579999923706055], [12.930000305175781, 10.359999656677246], [20.3700008392334, 2.690000057220459], [15.65999984741211, 1.9600000381469727], [21.3799991607666, 7.25], [20.65999984741211, 5.289999961853027], [16.149999618530273, 11.59000015258789], [18.8700008392334, 7.179999828338623], [23.25, 8.699999809265137], [16.34000015258789, 5.429999828338623], [13.079999923706055, 3.4600000381469727], [12.119999885559082, 7.400000095367432], [15.859999656677246, 9.869999885559082], [23.34000015258789, 0.3400000035762787], [17.989999771118164, 0.8700000047683716], [14.600000381469727, 0.44999998807907104], [20.59000015258789, 11.3100004196167]] | trees=[[16.479999542236328, 7.929999828338623], [22.860000610351562, 5.920000076293945], [23.34000015258789, 10.550000190734863], [12.529999732971191, 0.46000000834465027]]
🔁 检测到停滞(30步内仅走 0.048m)，触发逃逸 #1：倒退40步+转向35步(方向-1)
🔁 检测到停滞(30步内仅走 0.049m)，触发逃逸 #2：倒退40步+转向35步(方向+1)
🔁 检测到停滞(30步内仅走 0.046m)，触发逃逸 #3：倒退40步+转向35步(方向-1)
🔁 检测到停滞(30步内仅走 0.049m)，触发逃逸 #4：倒退40步+转向35步(方向+1)
🔁 检测到停滞(30步内仅走 0.047m)，触发逃逸 #5：倒退40步+转向35步(方向-1)
🔁 检测到停滞(30步内仅走 0.044m)，触发逃逸 #6：倒退40步+转向35步(方向+1)
🔍 终止原因细分: 卡住(指令1.00实际0.012 yawrate+0.09) (step 2644)
❌ Fail: 卡住(指令1.00实际0.012 yawrate+0.09)
Time used: 52.88 seconds
Total Distance Walked : 14.305 m
Real Average Speed : 0.271 m/s
Avg Torque Cost      : 1115.422
Orientation Error     : 0.124 rad
Angular Vel Error     : 0.387 rad/s
Command Wz Variation  : 0.0093 rad/s/step
Command Wz Sign Flips : 8
Narrow Passage       : 0 steps, min path clearance n/a
VIO Pose Error       : rms 0.000 m / 0.00 deg, max 0.000 m / 0.00 deg
Body Contact         : 0 steps, side 0 steps, peak 0.0 N

========== Evaluation Result ==========
Total trials : 1
Successes   : 0
Success rate: 0.00
