Importing module 'gym_38' (/home/fabu/HIMLoco/libraries/isaacgym/python/isaacgym/_bindings/linux-x86_64/gym_38.so)
Setting GYM_USD_PLUG_INFO_PATH to /home/fabu/HIMLoco/libraries/isaacgym/python/isaacgym/_bindings/linux-x86_64/usd/plugInfo.json
PyTorch version 1.13.1+cu117
Device count 1
/home/fabu/HIMLoco/libraries/isaacgym/python/isaacgym/_bindings/src/gymtorch
Using /home/fabu/.cache/torch_extensions/py38_cu117 as PyTorch extensions root...
Emitting ninja build file /home/fabu/.cache/torch_extensions/py38_cu117/gymtorch/build.ninja...
Building extension module gymtorch...
Allowing ninja to set a default number of workers... (overridable by setting the environment variable MAX_JOBS=N)
ninja: no work to do.
Not connected to PVD
+++ Using GPU PhysX
Physics Engine: PhysX
Physics Device: cuda:0
GPU Pipeline: enabled
Loading extension module gymtorch...
/home/fabu/miniconda3/envs/himloco/lib/python3.8/site-packages/torch/functional.py:504: UserWarning: torch.meshgrid: in an upcoming release, it will be required to pass the indexing argument. (Triggered internally at ../aten/src/ATen/native/TensorShape.cpp:3190.)
  return _VF.meshgrid(tensors, **kwargs)  # type: ignore[attr-defined]
[viz_config] 配置一致性检查通过 ✓
[viz_config] 提示: CAM_READ_RGB=False（只读 depth，不拷 RGB）：当前无任何消费方需要 RGB，属预期省资源配置 —— 每步少拷一张 float32，泄漏量减半
[viz_config] preset=nav_only | 已开启: BEV_CLEARANCE_USE_RAW_MAP, BEV_ENABLE_UPDATE, BEV_USE_AXIAL_GEOM, CAM_ENABLE, CAM_READ_ENABLE, EVAL_TERRAIN_CURRICULUM, EXPORT_POLICY, FMM_STOP_IF_UNREACHABLE, FMM_TURN_HYSTERESIS_ENABLE, FMM_USE_PATH_LOOKAHEAD, METRICS_PRINT_STATS, NARROW_PASSAGE_ENABLE, NAV_ADVANCE_ON_CROSS, NAV_RANDOM_STRAIGHT_ROUTE, PLAY_PLOT_STATES, SAFETY_MEM_GUARD_ENABLE, SCENE_ENABLE_BIG_STONES, SCENE_ENABLE_STONES, SCENE_ENABLE_TREES, SCENE_RANDOMIZE_OBSTACLES_EACH_TRIAL, SCENE_SMALL_STONES_STATIC, SCENE_TREE_REUSE_DUPLICATE_ASSETS, SPAWN_RANDOMIZE_EACH_TRIAL, SPEED_MOD_ENABLE, SPEED_TURN_COUPLING_ENABLE, STALL_ESCAPE_ENABLE, STALL_OVERRIDE_PLANNER, STALL_TURN_ALTERNATE, STALL_TURN_USE_BEV, TERM_ENABLE_CLIFF_FALL, TERM_ENABLE_COLLISION, TERM_ENABLE_STUCK, TERM_ENABLE_TIMEOUT, TERRAIN_WALL_ENABLE
scene=random_corridor | 石头=20(大20+小0,静态) | 树=开 | 地形=height | 路线=直线(出生x(6.0, 6.0)/y(3.0, 9.0) -> 目标x30.0)
相机读取: depth=开 rgb=关 | 感知降频=每4步 | 模式=fmm | FMM每步(约50Hz)
BEV建图=开 ROI起始=0.55 台阶判据=关 记忆融合=关 | FMM代价=固定膨胀(半径0.25m) | 速度调制=开(最低0.25m/s,2.0→0.7m) | 横向符号-1 俯角0° 近距掩蔽0.00m | 转向锁存=障碍区开(阈值0.05,保持40步),空地死区0.02rad
障碍白名单=关(掩膜半径0.80m,刹车用原始几何图) | 停滞逃逸=开(窗口30步<0.05m触发,倒退40步@-0.4m/s+转向35步@-0.9rad/s,BEV择空侧,上限6次) | 急转降速档=关 | 指令重采样=1e+06s(1e6=已禁止底层随机覆盖) | 相机跟随=关 | VIO=ideal(σxy=0.000m,σyaw=0.00deg,延迟0步,丢帧0.0%)
[viz_config] 配置一致性检查通过 ✓
[viz_config] 提示: CAM_READ_RGB=False（只读 depth，不拷 RGB）：当前无任何消费方需要 RGB，属预期省资源配置 —— 每步少拷一张 float32，泄漏量减半
[viz_config] preset=nav_only | 已开启: BEV_CLEARANCE_USE_RAW_MAP, BEV_ENABLE_UPDATE, BEV_USE_AXIAL_GEOM, CAM_ENABLE, CAM_READ_ENABLE, EVAL_TERRAIN_CURRICULUM, EXPORT_POLICY, FMM_STOP_IF_UNREACHABLE, FMM_TURN_HYSTERESIS_ENABLE, FMM_USE_PATH_LOOKAHEAD, METRICS_PRINT_STATS, NARROW_PASSAGE_ENABLE, NAV_ADVANCE_ON_CROSS, NAV_RANDOM_STRAIGHT_ROUTE, PLAY_PLOT_STATES, SAFETY_MEM_GUARD_ENABLE, SCENE_ENABLE_BIG_STONES, SCENE_ENABLE_STONES, SCENE_ENABLE_TREES, SCENE_RANDOMIZE_OBSTACLES_EACH_TRIAL, SCENE_SMALL_STONES_STATIC, SCENE_TREE_REUSE_DUPLICATE_ASSETS, SPAWN_RANDOMIZE_EACH_TRIAL, SPEED_MOD_ENABLE, SPEED_TURN_COUPLING_ENABLE, STALL_ESCAPE_ENABLE, STALL_OVERRIDE_PLANNER, STALL_TURN_ALTERNATE, STALL_TURN_USE_BEV, TERM_ENABLE_CLIFF_FALL, TERM_ENABLE_COLLISION, TERM_ENABLE_STUCK, TERM_ENABLE_TIMEOUT, TERRAIN_WALL_ENABLE
scene=random_corridor | 石头=20(大20+小0,静态) | 树=开 | 地形=height | 路线=直线(出生x(6.0, 6.0)/y(3.0, 9.0) -> 目标x30.0)
相机读取: depth=开 rgb=关 | 感知降频=每4步 | 模式=fmm | FMM每步(约50Hz)
BEV建图=开 ROI起始=0.55 台阶判据=关 记忆融合=关 | FMM代价=固定膨胀(半径0.25m) | 速度调制=开(最低0.25m/s,2.0→0.7m) | 横向符号-1 俯角0° 近距掩蔽0.00m | 转向锁存=障碍区开(阈值0.05,保持40步),空地死区0.02rad
障碍白名单=关(掩膜半径0.80m,刹车用原始几何图) | 停滞逃逸=开(窗口30步<0.05m触发,倒退40步@-0.4m/s+转向35步@-0.9rad/s,BEV择空侧,上限6次) | 急转降速档=关 | 指令重采样=1e+06s(1e6=已禁止底层随机覆盖) | 相机跟随=关 | VIO=ideal(σxy=0.000m,σyaw=0.00deg,延迟0步,丢帧0.0%)
Setting seed: 1
[legged_robot] 静态障碍在创建期随机化: seed=20261012, 大石头=20, 树=4
'train_cfg' provided -> Ignoring 'name=go2'
Actor MLP: Sequential(
  (0): Linear(in_features=64, out_features=512, bias=True)
  (1): ELU(alpha=1.0)
  (2): Linear(in_features=512, out_features=256, bias=True)
  (3): ELU(alpha=1.0)
  (4): Linear(in_features=256, out_features=128, bias=True)
  (5): ELU(alpha=1.0)
  (6): Linear(in_features=128, out_features=12, bias=True)
)
Critic MLP: Sequential(
  (0): Linear(in_features=238, out_features=512, bias=True)
  (1): ELU(alpha=1.0)
  (2): Linear(in_features=512, out_features=256, bias=True)
  (3): ELU(alpha=1.0)
  (4): Linear(in_features=256, out_features=128, bias=True)
  (5): ELU(alpha=1.0)
  (6): Linear(in_features=128, out_features=1, bias=True)
)
Estimator: Sequential(
  (0): Linear(in_features=270, out_features=128, bias=True)
  (1): ELU(alpha=1.0)
  (2): Linear(in_features=128, out_features=64, bias=True)
  (3): ELU(alpha=1.0)
  (4): Linear(in_features=64, out_features=19, bias=True)
)
Loading model from: /home/fabu/HIMLoco/legged_gym/logs/Dec10_20-00-07_/model_1200.pt
Exported policy as jit script to:  /home/fabu/HIMLoco/legged_gym/logs/rough_go2/exported/policies

===== Trial 1 =====
随机直线路线: start=(6.00, 5.67), goal=(30.00, 5.67)
出生点 trial seed: 20261013 | 静态障碍 seed: 20261012
随机障碍布局: stones=[[22.219999313354492, 4.099999904632568], [21.93000030517578, 8.170000076293945], [23.709999084472656, 0.9800000190734863], [15.229999542236328, 7.269999980926514], [17.31999969482422, 5.789999961853027], [18.670000076293945, 3.109999895095825], [14.100000381469727, 11.579999923706055], [17.469999313354492, 9.010000228881836], [20.969999313354492, 10.180000305175781], [13.399999618530273, 8.09000015258789], [20.81999969482422, 1.159999966621399], [22.450000762939453, 6.090000152587891], [15.59000015258789, 0.25], [14.579999923706055, 2.799999952316284], [18.989999771118164, 7.630000114440918], [19.1200008392334, 0.8600000143051147], [13.6899995803833, 1.2200000286102295], [15.199999809265137, 9.75], [22.459999084472656, 2.299999952316284], [23.860000610351562, 10.210000038146973]] | trees=[[20.389999389648438, 4.889999866485596], [13.0600004196167, 9.829999923706055], [13.229999542236328, 4.230000019073486], [20.34000015258789, 6.679999828338623]]
🔁 检测到停滞(30步内仅走 0.049m)，触发逃逸 #1：倒退40步+转向35步(方向-1)
🔁 检测到停滞(30步内仅走 0.049m)，触发逃逸 #2：倒退40步+转向35步(方向-1)
🔁 检测到停滞(30步内仅走 0.046m)，触发逃逸 #3：倒退40步+转向35步(方向-1)
🔁 检测到停滞(30步内仅走 0.049m)，触发逃逸 #4：倒退40步+转向35步(方向-1)
🔁 检测到停滞(30步内仅走 0.047m)，触发逃逸 #5：倒退40步+转向35步(方向+1)
🔁 检测到停滞(30步内仅走 0.049m)，触发逃逸 #6：倒退40步+转向35步(方向+1)
🔍 终止原因细分: 卡住(指令1.00实际0.007 yawrate+0.03) (step 2677)
❌ Fail: 卡住(指令1.00实际0.007 yawrate+0.03)
Time used: 53.54 seconds
Total Distance Walked : 22.036 m
Real Average Speed : 0.412 m/s
Avg Torque Cost      : 692.217
Orientation Error     : 0.058 rad
Angular Vel Error     : 0.540 rad/s
Command Wz Variation  : 0.0266 rad/s/step
Command Wz Sign Flips : 32
Narrow Passage       : 1285 steps, min path clearance 0.255 m
VIO Pose Error       : rms 0.000 m / 0.00 deg, max 0.000 m / 0.00 deg
Body Contact         : 0 steps, side 0 steps, peak 0.0 N

========== Evaluation Result ==========
Total trials : 1
Successes   : 0
Success rate: 0.00
