Importing module 'gym_38' (/home/fabu/HIMLoco/libraries/isaacgym/python/isaacgym/_bindings/linux-x86_64/gym_38.so)
Setting GYM_USD_PLUG_INFO_PATH to /home/fabu/HIMLoco/libraries/isaacgym/python/isaacgym/_bindings/linux-x86_64/usd/plugInfo.json
PyTorch version 1.13.1+cu117
Device count 1
/home/fabu/HIMLoco/libraries/isaacgym/python/isaacgym/_bindings/src/gymtorch
Using /home/fabu/.cache/torch_extensions/py38_cu117 as PyTorch extensions root...
Emitting ninja build file /home/fabu/.cache/torch_extensions/py38_cu117/gymtorch/build.ninja...
Building extension module gymtorch...
Allowing ninja to set a default number of workers... (overridable by setting the environment variable MAX_JOBS=N)
ninja: no work to do.
Not connected to PVD
+++ Using GPU PhysX
Physics Engine: PhysX
Physics Device: cuda:0
GPU Pipeline: enabled
Loading extension module gymtorch...
/home/fabu/miniconda3/envs/himloco/lib/python3.8/site-packages/torch/functional.py:504: UserWarning: torch.meshgrid: in an upcoming release, it will be required to pass the indexing argument. (Triggered internally at ../aten/src/ATen/native/TensorShape.cpp:3190.)
  return _VF.meshgrid(tensors, **kwargs)  # type: ignore[attr-defined]
[viz_config] 配置一致性检查通过 ✓
[viz_config] 提示: CAM_READ_RGB=False（只读 depth，不拷 RGB）：当前无任何消费方需要 RGB，属预期省资源配置 —— 每步少拷一张 float32，泄漏量减半
[viz_config] preset=nav_only | 已开启: BEV_CLEARANCE_USE_RAW_MAP, BEV_ENABLE_UPDATE, BEV_USE_AXIAL_GEOM, CAM_ENABLE, CAM_READ_ENABLE, EVAL_TERRAIN_CURRICULUM, EXPORT_POLICY, FMM_STOP_IF_UNREACHABLE, FMM_TURN_HYSTERESIS_ENABLE, FMM_USE_PATH_LOOKAHEAD, FMM_USE_SOFT_COST, METRICS_PRINT_STATS, NARROW_PASSAGE_ENABLE, NAV_ADVANCE_ON_CROSS, NAV_RANDOM_STRAIGHT_ROUTE, PLAY_PLOT_STATES, SAFETY_MEM_GUARD_ENABLE, SCENE_ENABLE_BIG_STONES, SCENE_ENABLE_STONES, SCENE_ENABLE_TREES, SCENE_RANDOMIZE_OBSTACLES_EACH_TRIAL, SCENE_SMALL_STONES_STATIC, SCENE_TREE_REUSE_DUPLICATE_ASSETS, SPAWN_RANDOMIZE_EACH_TRIAL, SPEED_MOD_ENABLE, SPEED_TURN_COUPLING_ENABLE, STALL_ESCAPE_ENABLE, STALL_OVERRIDE_PLANNER, STALL_TURN_ALTERNATE, STALL_TURN_USE_BEV, TERM_ENABLE_CLIFF_FALL, TERM_ENABLE_COLLISION, TERM_ENABLE_STUCK, TERM_ENABLE_TIMEOUT, TERRAIN_WALL_ENABLE
scene=random_corridor | 石头=20(大20+小0,静态) | 树=开 | 地形=height | 路线=直线(出生x(6.0, 6.0)/y(3.0, 9.0) -> 目标x30.0)
相机读取: depth=开 rgb=关 | 感知降频=每4步 | 模式=MPPI | FMM每步(约50Hz),MPPI每4步,世界记忆=关
BEV建图=开 ROI起始=0.55 台阶判据=关 记忆融合=关 | FMM代价=双层(硬半径0.20m,软距离0.65m,权重4.0) | 速度调制=开(最低0.25m/s,2.0→0.7m) | 横向符号-1 俯角0° 近距掩蔽0.00m | 转向锁存=障碍区开(阈值0.05,保持40步),空地死区0.02rad
障碍白名单=关(掩膜半径0.80m,刹车用原始几何图) | 停滞逃逸=开(窗口30步<0.05m触发,倒退40步@-0.4m/s+转向35步@-0.9rad/s,BEV择空侧,上限6次) | 急转降速档=关 | 指令重采样=1e+06s(1e6=已禁止底层随机覆盖) | 相机跟随=关 | VIO=ideal(σxy=0.000m,σyaw=0.00deg,延迟0步,丢帧0.0%)
[viz_config] 配置一致性检查通过 ✓
[viz_config] 提示: CAM_READ_RGB=False（只读 depth，不拷 RGB）：当前无任何消费方需要 RGB，属预期省资源配置 —— 每步少拷一张 float32，泄漏量减半
[viz_config] preset=nav_only | 已开启: BEV_CLEARANCE_USE_RAW_MAP, BEV_ENABLE_UPDATE, BEV_USE_AXIAL_GEOM, CAM_ENABLE, CAM_READ_ENABLE, EVAL_TERRAIN_CURRICULUM, EXPORT_POLICY, FMM_STOP_IF_UNREACHABLE, FMM_TURN_HYSTERESIS_ENABLE, FMM_USE_PATH_LOOKAHEAD, FMM_USE_SOFT_COST, METRICS_PRINT_STATS, NARROW_PASSAGE_ENABLE, NAV_ADVANCE_ON_CROSS, NAV_RANDOM_STRAIGHT_ROUTE, PLAY_PLOT_STATES, SAFETY_MEM_GUARD_ENABLE, SCENE_ENABLE_BIG_STONES, SCENE_ENABLE_STONES, SCENE_ENABLE_TREES, SCENE_RANDOMIZE_OBSTACLES_EACH_TRIAL, SCENE_SMALL_STONES_STATIC, SCENE_TREE_REUSE_DUPLICATE_ASSETS, SPAWN_RANDOMIZE_EACH_TRIAL, SPEED_MOD_ENABLE, SPEED_TURN_COUPLING_ENABLE, STALL_ESCAPE_ENABLE, STALL_OVERRIDE_PLANNER, STALL_TURN_ALTERNATE, STALL_TURN_USE_BEV, TERM_ENABLE_CLIFF_FALL, TERM_ENABLE_COLLISION, TERM_ENABLE_STUCK, TERM_ENABLE_TIMEOUT, TERRAIN_WALL_ENABLE
scene=random_corridor | 石头=20(大20+小0,静态) | 树=开 | 地形=height | 路线=直线(出生x(6.0, 6.0)/y(3.0, 9.0) -> 目标x30.0)
相机读取: depth=开 rgb=关 | 感知降频=每4步 | 模式=MPPI | FMM每步(约50Hz),MPPI每4步,世界记忆=关
BEV建图=开 ROI起始=0.55 台阶判据=关 记忆融合=关 | FMM代价=双层(硬半径0.20m,软距离0.65m,权重4.0) | 速度调制=开(最低0.25m/s,2.0→0.7m) | 横向符号-1 俯角0° 近距掩蔽0.00m | 转向锁存=障碍区开(阈值0.05,保持40步),空地死区0.02rad
障碍白名单=关(掩膜半径0.80m,刹车用原始几何图) | 停滞逃逸=开(窗口30步<0.05m触发,倒退40步@-0.4m/s+转向35步@-0.9rad/s,BEV择空侧,上限6次) | 急转降速档=关 | 指令重采样=1e+06s(1e6=已禁止底层随机覆盖) | 相机跟随=关 | VIO=ideal(σxy=0.000m,σyaw=0.00deg,延迟0步,丢帧0.0%)
Setting seed: 1
[legged_robot] 静态障碍在创建期随机化: seed=20260932, 大石头=20, 树=4
'train_cfg' provided -> Ignoring 'name=go2'
Actor MLP: Sequential(
  (0): Linear(in_features=64, out_features=512, bias=True)
  (1): ELU(alpha=1.0)
  (2): Linear(in_features=512, out_features=256, bias=True)
  (3): ELU(alpha=1.0)
  (4): Linear(in_features=256, out_features=128, bias=True)
  (5): ELU(alpha=1.0)
  (6): Linear(in_features=128, out_features=12, bias=True)
)
Critic MLP: Sequential(
  (0): Linear(in_features=238, out_features=512, bias=True)
  (1): ELU(alpha=1.0)
  (2): Linear(in_features=512, out_features=256, bias=True)
  (3): ELU(alpha=1.0)
  (4): Linear(in_features=256, out_features=128, bias=True)
  (5): ELU(alpha=1.0)
  (6): Linear(in_features=128, out_features=1, bias=True)
)
Estimator: Sequential(
  (0): Linear(in_features=270, out_features=128, bias=True)
  (1): ELU(alpha=1.0)
  (2): Linear(in_features=128, out_features=64, bias=True)
  (3): ELU(alpha=1.0)
  (4): Linear(in_features=64, out_features=19, bias=True)
)
Loading model from: /home/fabu/HIMLoco/legged_gym/logs/Dec10_20-00-07_/model_1200.pt
Exported policy as jit script to:  /home/fabu/HIMLoco/legged_gym/logs/rough_go2/exported/policies

===== Trial 1 =====
随机直线路线: start=(6.00, 4.17), goal=(30.00, 4.17)
出生点 trial seed: 20260933 | 静态障碍 seed: 20260932
随机障碍布局: stones=[[22.790000915527344, 11.149999618530273], [13.1899995803833, 5.0], [14.140000343322754, 7.570000171661377], [18.06999969482422, 4.409999847412109], [21.239999771118164, 3.2699999809265137], [23.200000762939453, 8.899999618530273], [15.1899995803833, 10.1899995803833], [20.950000762939453, 9.109999656677246], [17.459999084472656, 1.309999942779541], [20.149999618530273, 6.75], [20.860000610351562, 11.920000076293945], [17.079999923706055, 10.260000228881836], [14.850000381469727, 3.5999999046325684], [13.899999618530273, 0.5799999833106995], [18.600000381469727, 8.609999656677246], [16.649999618530273, 5.789999961853027], [21.920000076293945, 7.440000057220459], [13.149999618530273, 11.550000190734863], [23.780000686645508, 4.989999771118164], [19.8700008392334, 1.0399999618530273]] | trees=[[22.030000686645508, 4.769999980926514], [19.209999084472656, 10.84000015258789], [14.789999961853027, 5.809999942779541], [13.119999885559082, 9.630000114440918]]
最终目标估计/真值误差: 0.145 / 0.145 m (阈值 0.150 m)
✅ Success: reached all waypoints
Time used: 35.30 seconds
Total Distance Walked : 25.016 m
Real Average Speed : 0.709 m/s
Avg Torque Cost      : 684.520
Orientation Error     : 0.046 rad
Angular Vel Error     : 0.522 rad/s
Command Wz Variation  : 0.0130 rad/s/step
Command Wz Sign Flips : 24
Narrow Passage       : 392 steps, min path clearance 0.364 m
VIO Pose Error       : rms 0.000 m / 0.00 deg, max 0.000 m / 0.00 deg
Body Contact         : 0 steps, side 0 steps, peak 0.0 N
📊 Trial 1 实时指标: 进度=100%, 平滑度=0.0432 rad, 平均规划=9.38 ms

========== Evaluation Result ==========
Total trials : 1
Successes   : 1
Success rate: 1.00
